// Jest Snapshot v1, https://goo.gl/fbAQLP

exports[`HistoryList component renders HistoryList 1`] = `
<DocumentFragment>
  <section
    class="HistoryList"
  >
    <h1>
      HISTORY
    </h1>
    <ul>
      <li>
        <article
          id="https://aztro.sameerkumar.website/?sign=pisces&day=todayPOSTundefined"
        >
          <h4
            id="https://aztro.sameerkumar.website/?sign=pisces&day=todayPOSTundefined"
          >
            POST
          </h4>
          <p
            id="https://aztro.sameerkumar.website/?sign=pisces&day=todayPOSTundefined"
          >
            https://aztro.sameerkumar.website/?sign=pisces&day=today
          </p>
        </article>
      </li>
    </ul>
  </section>
</DocumentFragment>
`;
