// Jest Snapshot v1, https://goo.gl/fbAQLP

exports[`HistoryList component renders HistoryList 1`] = `
<DocumentFragment>
  <ul>
    <li>
      <article
        id="https://aztro.sameerkumar.website/?sign=pisces&day=todayPOSTundefined"
      >
        <p
          id="https://aztro.sameerkumar.website/?sign=pisces&day=todayPOSTundefined"
        >
          POST
        </p>
        <p
          id="https://aztro.sameerkumar.website/?sign=pisces&day=todayPOSTundefined"
        >
          https://aztro.sameerkumar.website/?sign=pisces&day=today
        </p>
      </article>
      )
    </li>
  </ul>
</DocumentFragment>
`;
